
#include <iostream.h>
int a[50];
 }
void merge(int low,int mid,int high)
{
 int h,i,j,b[50],k;
 h=low;
 i=low;

 while((h<=mid)&&(j<=high))
 {
  if(a[h]<=a[j])
  {
   b[i]=a[h];
   h++;
  }
  else
  {
   b[i]=a[j];
   j++;
  }
  i++;
 }
 if(h>mid)
 {
  for(k=j;k<=high;k++)
  {
   b[i]=a[k];
   i++;
  }
 }
 else
 {
  for(k=h;k<=mid;k++)
  {
   b[i]=a[k];
   i++;
  }
 }
 for(k=low;k<=high;k++) a[k]=b[k];
}
void main()
{
 int num,i;

